target
result
result-lib
.direnv
.devenv

*~
~$*
~*.tmp
]*.~*
]Icon\r*
].DS_Store
].ds_store
*.textClipping
._*
]Thumbs.db
]photothumb.db

.*.sw?
.*.*sw?

].TemporaryItems
].Trashes
].DocumentRevisions-V100
].Trash-*
.fseventd
.apdisk
.Spotlight-V100

*.part
*.filepart
*.crdownload

*.kate-swp
*.gnucash.tmp-*

.synkron.*
.sync.ffs_db
.symform
.symform-store
.fuse_hidden*
*.unison
.nfs*

*.sb-*
*.dll
*.exe
.git/
*.bin
.bin
bin/
node_modules/
.cache/
.vscode/
.pytest_cache/
.ipynb_checkpoints/
*.exe
*.dll
*.class
*.com
*.so
*.o
@*/
__pycache__/
.Python/
build/
dist/
eggs/
.eggs/
wheels/
sdist/
var/
*.egg/
*.egg-info/
lib64/
lib/
.tox/
.nox/
env/
venv/
ENV/
env.bak/
venv.bak/
site/
cython_debug/
vendor/
tmp/
.libs/
.debs/
Debug/
debug/
*.pdb
*.enc
.enc
.sass-cache/
_site/
.info
*.info
.jekyll-cache/
